// Jest Snapshot v1, https://goo.gl/fbAQLP

exports[`<Home/> will render component 1`] = `
<div>
  <button
    id="join-button"
  >
    Join Game
  </button>
  <button
    id="create-button"
  >
    Create Game
  </button>
  <div />
</div>
`;
